{
  "Id": "d63a5afc-07e2-439a-b81e-49b0e42dff47",
  "Firstname": "Mark",
  "Lastname": "Walton",
  "CreationDate": "2018-06-07T16:22:38.8242637Z",
  "DateOfBirth": "2000-06-25T00:00:00",
  "Age": 30,
  "Size": 182.5214,
  "Address": {
    "Street": "Rohrstrasse",
    "StreetNumber": -58,
    "Plz": 8304,
    "City": "Wallislellen",
    "Country": null
  },
  "Children": [
    {
      "Name": "James",
      "DateOfBirth": "2015-02-12T00:00:00"
    },
    {
      "Name": null,
      "DateOfBirth": "2015-02-12T00:00:00"
    },
    {
      "Name": "Hanna",
      "DateOfBirth": "2012-03-20T00:00:00"
    },
    {
      "Name": "James",
      "DateOfBirth": "2015-02-12T00:00:00"
    }
  ],
  "Relatives": [
    {
      "Id": "fcf04ca6-d8f2-4214-a3ff-d0ded5bad4de",
      "Firstname": "Sandra",
      "Lastname": "Schneider",
      "CreationDate": "2019-04-01T00:00:00",
      "DateOfBirth": "1996-02-14T00:00:00",
      "Age": null,
      "Size": 165.23,
      "Address": {
        "Street": "Bahnhofstrasse",
        "StreetNumber": 450,
        "Plz": null,
        "City": "Zurich",
        "Country": {
          "Name": "Switzerland",
          "CountryCode": "CH"
        }
      },
      "Children": [],
      "Relatives": null
    }
  ]
}