{
  "Id": "dCNOmK/nSY+12vHzasLXiswzlGT5UHA7jAGYkvmCuQs=",
  "OwnerId": "dCNOmK/nSY+12vHzasLXiswzlGT5UHA7jAGYkvmCuQs=",
  "Name": null,
  "CreationDate": "dCNOmK/nSY+12vHzasLXiswzlGT5UHA7jAGYkvmCuQs=",
  "Price": "dCNOmK/nSY+12vHzasLXiswzlGT5UHA7jAGYkvmCuQs=",
  "Data": "dCNOmK/nSY+12vHzasLXiswzlGT5UHA7jAGYkvmCuQs=",
  "SubImage": {
    "Id": "dCNOmK/nSY+12vHzasLXiswzlGT5UHA7jAGYkvmCuQs=",
    "OwnerId": "dCNOmK/nSY+12vHzasLXiswzlGT5UHA7jAGYkvmCuQs=",
    "Name": null,
    "CreationDate": "dCNOmK/nSY+12vHzasLXiswzlGT5UHA7jAGYkvmCuQs=",
    "Price": "dCNOmK/nSY+12vHzasLXiswzlGT5UHA7jAGYkvmCuQs=",
    "Data": "dCNOmK/nSY+12vHzasLXiswzlGT5UHA7jAGYkvmCuQs=",
    "SubImage": null
  }
}
