{
  "Id": "ZfwwyZgvnI4cRkrRtkf69JQD2RnAruTvaZ+vqRztwKI=",
  "OwnerId": "ix7xfFP48yexinSIOU27SwzAAUmRZ19ba/uQcMrATyI=",
  "Name": "Mona Lisa",
  "CreationDate": "At8yKYcuhwP5/kF64alXYaeZAG7z3Ef1cDixhtRH9vI=",
  "Price": "Ov7QaXuoa+gRZefIRxR2Kdbi2NkhWygyENQsykmBHfY=",
  "Data": "m+sQR9KG9WpgYoQiRASPkt9FLJOLsjK86UuiXKVRzas=",
  "SubImage": {
    "Id": "zXC+oCP3UqBWSrtu0I1CwUQPLjPimRTlXgvhWV4k9Fo=",
    "OwnerId": "I2Y1epz92EQ7KB/RAwPqxmclOJo6pwCwuz/Ziq3rs84=",
    "Name": "Mona Lisa Thumbnail",
    "CreationDate": "Xo2K7dS6AC2r4+4RppZex2g/zZ7UT0gJKiLs00kg+Ww=",
    "Price": "2ztI9wy0cPH6/3GQ1om+xj6zW6+A17i0mChSVdk9guQ=",
    "Data": "m+sQR9KG9WpgYoQiRASPkt9FLJOLsjK86UuiXKVRzas=",
    "SubImage": null
  }
}
